RAM Allocation [bytes]
Variable                                                                          Address   Size
------------------------------------------------------------------------------------------------

EEPROM Allocation [bytes]
Variable                                                                          Address   Size
------------------------------------------------------------------------------------------------

Register Allocation
Variable                                                                          Register  Size
------------------------------------------------------------------------------------------------
_lcd_x                                                                            R5           1
_lcd_y                                                                            R4           1
_lcd_maxx                                                                         R7           1

FLASH Allocation [words]
Function                                                                          Address   Size
------------------------------------------------------------------------------------------------
main                                                                              0x0006A     55
_lcd_write_nibble_G100                                                            0x000A1     37
_lcd_write_data                                                                   0x000C6     12
lcd_gotoxy                                                                        0x000D2     13
lcd_clear                                                                         0x000DF     12
lcd_putchar                                                                       0x000EB     20
lcd_puts                                                                          0x000FF     17
lcd_init                                                                          0x00110     41
